
🔍 TESTING ALL API ENDPOINTS - VERIFYING REAL DATA

======================================================================

📊 TEST 1: POST /analyze
----------------------------------------------------------------------
✅ PASSED - Returns REAL data
   URL tested: http://google.com
   Redirect chain length: 2
   Total redirects: 1
   Final URL: http://www.google.com/
   Real status codes: YES ✓
   Real response times: YES ✓
   Real HTTP headers: YES ✓
   Example status code: 301
   Example response time: 2059ms

📊 TEST 2: POST /api/bulk/analyze
----------------------------------------------------------------------
✅ PASSED - Bulk analysis works
   URLs analyzed: 2
   Successful: 2
   Returns REAL data: YES ✓
   URL 1: http://google.com → http://www.google.com/ (1 redirects)
   URL 2: https://github.com → https://github.com (0 redirects)

📊 TEST 3: POST /api/security/scan
----------------------------------------------------------------------
✅ PASSED - Security analysis works
   HTTPS only: YES ✓
   Security headers captured: YES ✓
   Real security data: YES ✓

📊 TEST 4: Affiliate Link Detection
----------------------------------------------------------------------
✅ PASSED - Affiliate detection works
   Test URL: https://www.amazon.com/dp/B08N5WRWNW?tag=myaffiliate-20
   Detected as affiliate: YES ✓
   Uses real pattern matching: YES ✓

📊 TEST 5: Tracking Parameter Detection
----------------------------------------------------------------------
✅ PASSED - Tracking detection works
   Test URL: https://example.com/?utm_source=test&utm_campaign=test
   Detected tracking params: YES ✓
   Uses real pattern matching: YES ✓

📊 TEST 6: Safety Score Calculation
----------------------------------------------------------------------
✅ PASSED - Safety score calculation works
   Calculated score: 100/100
   Based on real data: YES ✓
   No random numbers: YES ✓

📊 TEST 7: Performance Metrics
----------------------------------------------------------------------
✅ PASSED - Performance metrics work
   Total response time: 705ms
   Average time: 353ms
   Fastest: 332ms
   Slowest: 373ms
   Real measurements: YES ✓
   Not simulated: YES ✓

📊 TEST 8: HTTP Headers Capture
----------------------------------------------------------------------
✅ PASSED - HTTP headers captured
   Total headers captured: 18
   Has real server headers: YES ✓
   Example headers:
     accept-ranges: bytes...
     cache-control: max-age=0, private, must-revalidate...
     content-encoding: gzip...
     content-language: en-US...
     content-security-policy: default-src 'none'; base-uri 'self'; child-src git...

📊 TEST 9: SSRF Protection
----------------------------------------------------------------------
✅ PASSED - SSRF protection works
   Blocks localhost: YES ✓
   Blocks 127.0.0.1: YES ✓
   Allows public URLs: YES ✓
   Real security validation: YES ✓

======================================================================
📊 FINAL TEST RESULTS
======================================================================
Total Tests: 9
✅ Passed: 9
❌ Failed: 0
Success Rate: 100%
======================================================================

📋 SUMMARY:
✅ POST /analyze: PASSED
   Data Type: Real HTTP requests
   Verified Real Data: YES
✅ POST /api/bulk/analyze: PASSED
   Data Type: Real bulk HTTP requests
   Verified Real Data: YES
✅ POST /api/security/scan: PASSED
   Data Type: Real security analysis
   Verified Real Data: YES
✅ Affiliate Detection: PASSED
   Data Type: Real pattern matching
   Verified Real Data: YES
✅ Tracking Detection: PASSED
   Data Type: Real pattern matching
   Verified Real Data: YES
✅ Safety Score: PASSED
   Data Type: Real calculation from actual data
   Verified Real Data: YES
✅ Performance Metrics: PASSED
   Data Type: Real timing measurements
   Verified Real Data: YES
✅ HTTP Headers: PASSED
   Data Type: Real HTTP response headers
   Verified Real Data: YES
✅ SSRF Protection: PASSED
   Data Type: Real security validation
   Verified Real Data: YES

======================================================================
🎯 CONCLUSION:
✅ ALL ENDPOINTS ARE WORKING AND RETURNING 100% REAL DATA
✅ NO SIMULATED OR FAKE DATA DETECTED
✅ ALL FEATURES ARE FUNCTIONAL
======================================================================

